// Jest Snapshot v1, https://goo.gl/fbAQLP

exports[`<BlankCard /> snapshot check 1`] = `
<div
  className="BlankCard undefined"
>
  <h1>
    Any
  </h1>
  <p>
    element
  </p>
</div>
`;
