// Jest Snapshot v1, https://goo.gl/fbAQLP

exports[`<Button /> snapshot check 1`] = `
<button
  className="button primary"
  style={
    Object {
      "backgroundColor": undefined,
    }
  }
>
  From Snapshot
</button>
`;
