// Jest Snapshot v1, https://goo.gl/fbAQLP

exports[`<TextInput /> snapshot check 1`] = `
<input
  className="TextInput"
  placeholder="email"
  type="email"
/>
`;
